


78K0R Linker W1.80                            Date:22 Nov 2023 Page:   1

Command:   -yC:\Program Files (x86)\Renesas Electronics\CS+\CACX\Device\
           RL78\Devicefile -_msgoff -oDefaultBuild\LED_R5F10BGG.lmf -gi0
           0000000000000000000h -go04h,1FE00h,0 -gb0FFFFEAH -mi0 -s -pDe
           faultBuild\LED_R5F10BGG.map C:\Program Files (x86)\Renesas El
           ectronics\CS+\CACX\CA78K0R\V1.72\lib78k0r\s0rll.rel DefaultBu
           ild\r_main.rel DefaultBuild\r_systeminit.rel DefaultBuild\r_c
           g_cgc.rel DefaultBuild\r_cg_cgc_user.rel DefaultBuild\r_cg_po
           rt.rel DefaultBuild\r_cg_port_user.rel DefaultBuild\r_cg_wdt.
           rel DefaultBuild\r_cg_wdt_user.rel DefaultBuild\r_cg_timer.re
           l DefaultBuild\r_cg_timer_user.rel DefaultBuild\r_cg_serial.r
           el DefaultBuild\r_cg_serial_user.rel DefaultBuild\r_rl78_can_
           drv.rel DefaultBuild\tk_sample_drv_cfg.rel DefaultBuild\HDL_C
           PU_Time.rel DefaultBuild\tk_funcs.rel DefaultBuild\Screen.rel
            DefaultBuild\ccan.rel DefaultBuild\CPSQ8100.rel -bcl78m -bcl
           78mf -iC:\Program Files (x86)\Renesas Electronics\CS+\CACX\CA
           78K0R\V1.72\lib78k0r
Para-file:
Out-file:  DefaultBuild\LED_R5F10BGG.lmf
Map-file:  DefaultBuild\LED_R5F10BGG.map
Direc-file:
Directive:


*** Link information ***

    48 output segment(s)
 2332H byte(s) real data
  2044 symbol(s) defined


*** Memory map ***


  SPACE=REGULAR

  MEMORY=ROM
  BASE ADDRESS=00000H   SIZE=10000H
         OUTPUT   INPUT    INPUT      BASE      SIZE
         SEGMENT  SEGMENT  MODULE     ADDRESS
         @@VECT00                     00000H    00002H  CSEG AT
                  @@VECT00 @cstart    00000H    00002H
         @@CNSTL                      00002H    00000H  CSEG PAGE64KP
                  @@CNSTL  @cstart    00002H    00000H
         @@CNSTL                      00002H    00000H  CSEG PAGE64KP
                  @@CNSTL  r_main     00002H    00000H
         @@CNSTL                      00002H    00000H  CSEG PAGE64KP
                  @@CNSTL  r_systeminit
                                      00002H    00000H
         @@CNSTL                      00002H    00000H  CSEG PAGE64KP
                  @@CNSTL  r_cg_cgc   00002H    00000H
         @@CNSTL                      00002H    00000H  CSEG PAGE64KP
                  @@CNSTL  r_cg_cgc_user
                                      00002H    00000H
         @@CNSTL                      00002H    00000H  CSEG PAGE64KP
                  @@CNSTL  r_cg_port
                                      00002H    00000H
         @@CNSTL                      00002H    00000H  CSEG PAGE64KP
                  @@CNSTL  r_cg_port_user
                                      00002H    00000H
         @@CNSTL                      00002H    00000H  CSEG PAGE64KP
                  @@CNSTL  r_cg_wdt   00002H    00000H
         @@CNSTL                      00002H    00000H  CSEG PAGE64KP
                  @@CNSTL  r_cg_wdt_user
                                      00002H    00000H
         @@CNSTL                      00002H    00000H  CSEG PAGE64KP
                  @@CNSTL  r_cg_timer
                                      00002H    00000H
         @@CNSTL                      00002H    00000H  CSEG PAGE64KP
                  @@CNSTL  r_cg_timer_user
                                      00002H    00000H
         @@CNSTL                      00002H    00000H  CSEG PAGE64KP
                  @@CNSTL  r_cg_serial
                                      00002H    00000H
         @@CNSTL                      00002H    00000H  CSEG PAGE64KP
                  @@CNSTL  r_cg_serial_user
                                      00002H    00000H
         @@CNSTL                      00002H    00000H  CSEG PAGE64KP
                  @@CNSTL  r_rl78_can_drv
                                      00002H    00000H
         @@CNSTL                      00002H    00000H  CSEG PAGE64KP
                  @@CNSTL  tk_sample_drv_cfg
                                      00002H    00000H
         @@CNSTL                      00002H    00000H  CSEG PAGE64KP
                  @@CNSTL  HDL_CPU_Time
                                      00002H    00000H
         @@CNSTL                      00002H    00000H  CSEG PAGE64KP
                  @@CNSTL  tk_funcs   00002H    00000H
         @@CNSTL                      00002H    00000H  CSEG PAGE64KP
                  @@CNSTL  Screen     00002H    00000H
         @@CNSTL                      00002H    00000H  CSEG PAGE64KP
                  @@CNSTL  ccan       00002H    00000H
         @@CNSTL                      00002H    00000H  CSEG PAGE64KP
                  @@CNSTL  CPSQ8100   00002H    00000H
         @@RLINIT                     00002H    00000H  CSEG UNIT64KP
                  @@RLINIT @cstart    00002H    00000H
                  @@RLINIT r_main     00002H    00000H
                  @@RLINIT r_systeminit
                                      00002H    00000H
                  @@RLINIT r_cg_cgc   00002H    00000H
                  @@RLINIT r_cg_cgc_user
                                      00002H    00000H
                  @@RLINIT r_cg_port
                                      00002H    00000H
                  @@RLINIT r_cg_port_user
                                      00002H    00000H
                  @@RLINIT r_cg_wdt   00002H    00000H
                  @@RLINIT r_cg_wdt_user
                                      00002H    00000H
                  @@RLINIT r_cg_timer
                                      00002H    00000H
                  @@RLINIT r_cg_timer_user
                                      00002H    00000H
                  @@RLINIT r_cg_serial
                                      00002H    00000H
                  @@RLINIT r_cg_serial_user
                                      00002H    00000H
                  @@RLINIT r_rl78_can_drv
                                      00002H    00000H
                  @@RLINIT tk_sample_drv_cfg
                                      00002H    00000H
                  @@RLINIT HDL_CPU_Time
                                      00002H    00000H
                  @@RLINIT tk_funcs   00002H    00000H
                  @@RLINIT Screen     00002H    00000H
                  @@RLINIT ccan       00002H    00000H
                  @@RLINIT CPSQ8100   00002H    00000H
                  @@RLINIT @rom       00002H    00000H
         @@R_INIS                     00002H    00000H  CSEG UNIT64KP
                  @@R_INIS @cstart    00002H    00000H
                  @@R_INIS r_main     00002H    00000H
                  @@R_INIS r_systeminit
                                      00002H    00000H
                  @@R_INIS r_cg_cgc   00002H    00000H
                  @@R_INIS r_cg_cgc_user
                                      00002H    00000H
                  @@R_INIS r_cg_port
                                      00002H    00000H
                  @@R_INIS r_cg_port_user
                                      00002H    00000H
                  @@R_INIS r_cg_wdt   00002H    00000H
                  @@R_INIS r_cg_wdt_user
                                      00002H    00000H
                  @@R_INIS r_cg_timer
                                      00002H    00000H
                  @@R_INIS r_cg_timer_user
                                      00002H    00000H
                  @@R_INIS r_cg_serial
                                      00002H    00000H
                  @@R_INIS r_cg_serial_user
                                      00002H    00000H
                  @@R_INIS r_rl78_can_drv
                                      00002H    00000H
                  @@R_INIS tk_sample_drv_cfg
                                      00002H    00000H
                  @@R_INIS HDL_CPU_Time
                                      00002H    00000H
                  @@R_INIS tk_funcs   00002H    00000H
                  @@R_INIS Screen     00002H    00000H
                  @@R_INIS ccan       00002H    00000H
                  @@R_INIS CPSQ8100   00002H    00000H
                  @@R_INIS @rom       00002H    00000H
         @@CALT                       00002H    00000H  CSEG
                  @@CALT   @cstart    00002H    00000H
                  @@CALT   r_main     00002H    00000H
                  @@CALT   r_systeminit
                                      00002H    00000H
                  @@CALT   r_cg_cgc   00002H    00000H
                  @@CALT   r_cg_cgc_user
                                      00002H    00000H
                  @@CALT   r_cg_port
                                      00002H    00000H
                  @@CALT   r_cg_port_user
                                      00002H    00000H
                  @@CALT   r_cg_wdt   00002H    00000H
                  @@CALT   r_cg_wdt_user
                                      00002H    00000H
                  @@CALT   r_cg_timer
                                      00002H    00000H
                  @@CALT   r_cg_timer_user
                                      00002H    00000H
                  @@CALT   r_cg_serial
                                      00002H    00000H
                  @@CALT   r_cg_serial_user
                                      00002H    00000H
                  @@CALT   r_rl78_can_drv
                                      00002H    00000H
                  @@CALT   tk_sample_drv_cfg
                                      00002H    00000H
                  @@CALT   HDL_CPU_Time
                                      00002H    00000H
                  @@CALT   tk_funcs   00002H    00000H
                  @@CALT   Screen     00002H    00000H
                  @@CALT   ccan       00002H    00000H
                  @@CALT   CPSQ8100   00002H    00000H
         ??NMIROM                     00002H    00002H  CSEG
         @@VECT04                     00004H    00002H  CSEG AT
                  @@VECT04 r_cg_wdt_user
                                      00004H    00002H
* gap *                               00006H    00010H
         @@VECT16                     00016H    00004H  CSEG AT
                  @@VECT16 r_cg_serial_user
                                      00016H    00004H
* gap *                               0001AH    00012H
         @@VECT2C                     0002CH    00002H  CSEG AT
                  @@VECT2C r_cg_timer_user
                                      0002CH    00002H
         @@R_INIT                     0002EH    00082H  CSEG UNIT64KP
                  @@R_INIT @cstart    0002EH    00000H
                  @@R_INIT r_main     0002EH    00066H
                  @@R_INIT r_systeminit
                                      00094H    00000H
                  @@R_INIT r_cg_cgc   00094H    00000H
                  @@R_INIT r_cg_cgc_user
                                      00094H    00000H
                  @@R_INIT r_cg_port
                                      00094H    00000H
                  @@R_INIT r_cg_port_user
                                      00094H    00000H
                  @@R_INIT r_cg_wdt   00094H    00000H
                  @@R_INIT r_cg_wdt_user
                                      00094H    00000H
                  @@R_INIT r_cg_timer
                                      00094H    00000H
                  @@R_INIT r_cg_timer_user
                                      00094H    00000H
                  @@R_INIT r_cg_serial
                                      00094H    00000H
                  @@R_INIT r_cg_serial_user
                                      00094H    00000H
                  @@R_INIT r_rl78_can_drv
                                      00094H    00000H
                  @@R_INIT tk_sample_drv_cfg
                                      00094H    00000H
                  @@R_INIT HDL_CPU_Time
                                      00094H    00000H
                  @@R_INIT tk_funcs   00094H    00000H
                  @@R_INIT Screen     00094H    00002H
                  @@R_INIT ccan       00096H    00000H
                  @@R_INIT CPSQ8100   00096H    0001AH
                  @@R_INIT @rom       000B0H    00000H
* gap *                               000B0H    00010H
         ?CSEGOB0                     000C0H    00004H  CSEG OPT_BYTE
         @@CODE                       000C4H    00000H  CSEG BASE
                  @@CODE   r_main     000C4H    00000H
                  @@CODE   r_systeminit
                                      000C4H    00000H
                  @@CODE   r_cg_cgc   000C4H    00000H
                  @@CODE   r_cg_cgc_user
                                      000C4H    00000H
                  @@CODE   r_cg_port
                                      000C4H    00000H
                  @@CODE   r_cg_port_user
                                      000C4H    00000H
                  @@CODE   r_cg_wdt   000C4H    00000H
                  @@CODE   r_cg_wdt_user
                                      000C4H    00000H
                  @@CODE   r_cg_timer
                                      000C4H    00000H
                  @@CODE   r_cg_timer_user
                                      000C4H    00000H
                  @@CODE   r_cg_serial
                                      000C4H    00000H
                  @@CODE   r_cg_serial_user
                                      000C4H    00000H
                  @@CODE   r_rl78_can_drv
                                      000C4H    00000H
                  @@CODE   tk_sample_drv_cfg
                                      000C4H    00000H
                  @@CODE   HDL_CPU_Time
                                      000C4H    00000H
                  @@CODE   tk_funcs   000C4H    00000H
                  @@CODE   Screen     000C4H    00000H
                  @@CODE   ccan       000C4H    00000H
                  @@CODE   CPSQ8100   000C4H    00000H
         ?CSEGSI                      000C4H    0000AH  CSEG
         ?OCDSTAD                     000CEH    0000AH  CSEG
         @@LCODE                      000D8H    00568H  CSEG BASE
                  @@LCODE  @cstart    000D8H    000ADH
                  @@LCODE  @lmul      00185H    00021H
                  @@LCODE  @ladd      001A6H    0000FH
                  @@LCODE  @lsub      001B5H    00012H
                  @@LCODE  @lursh     001C7H    0001FH
                  @@LCODE  @lband     001E6H    00014H
                  @@LCODE  m_fmul     001FAH    00113H
                  @@LCODE  m_fcom1    0030DH    000CFH
                  @@LCODE  m_fcom5    003DCH    0002AH
                  @@LCODE  m_fcom6    00406H    0001FH
                  @@LCODE  m_fdiv     00425H    0012BH
                  @@LCODE  m_ftols    00550H    00078H
                  @@LCODE  m_ftolu    005C8H    0002BH
                  @@LCODE  m_lutof    005F3H    0004DH
         @@BASE                       00640H    000F6H  CSEG BASE
                  @@BASE   r_main     00640H    00000H
                  @@BASE   r_systeminit
                                      00640H    00000H
                  @@BASE   r_cg_cgc   00640H    00000H
                  @@BASE   r_cg_cgc_user
                                      00640H    00000H
                  @@BASE   r_cg_port
                                      00640H    00000H
                  @@BASE   r_cg_port_user
                                      00640H    00000H
                  @@BASE   r_cg_wdt   00640H    00000H
                  @@BASE   r_cg_wdt_user
                                      00640H    00002H
                  @@BASE   r_cg_timer
                                      00642H    00000H
                  @@BASE   r_cg_timer_user
                                      00642H    00030H
                  @@BASE   r_cg_serial
                                      00672H    00000H
                  @@BASE   r_cg_serial_user
                                      00672H    000C4H
                  @@BASE   r_rl78_can_drv
                                      00736H    00000H
                  @@BASE   tk_sample_drv_cfg
                                      00736H    00000H
                  @@BASE   HDL_CPU_Time
                                      00736H    00000H
                  @@BASE   tk_funcs   00736H    00000H
                  @@BASE   Screen     00736H    00000H
                  @@BASE   ccan       00736H    00000H
                  @@BASE   CPSQ8100   00736H    00000H
         @@CNSTL                      00736H    000CEH  CSEG PAGE64KP
                  @@CNSTL  m_fcom5    00736H    000CEH
         @@LCODEL                     00804H    00093H  CSEG
                  @@LCODEL @stkinit   00804H    00044H
                  @@LCODEL exit       00848H    0001CH
                  @@LCODEL memcpy_n   00864H    0001AH
                  @@LCODEL memset_n   0087EH    00019H
* gap *                               00897H    01769H
         @@CNST                       02000H    00024H  CSEG MIRRORP
                  @@CNST   @cstart    02000H    00000H
                  @@CNST   r_main     02000H    00008H
                  @@CNST   r_systeminit
                                      02008H    00000H
                  @@CNST   r_cg_cgc   02008H    00000H
                  @@CNST   r_cg_cgc_user
                                      02008H    00000H
                  @@CNST   r_cg_port
                                      02008H    00000H
                  @@CNST   r_cg_port_user
                                      02008H    00000H
                  @@CNST   r_cg_wdt   02008H    00000H
                  @@CNST   r_cg_wdt_user
                                      02008H    00000H
                  @@CNST   r_cg_timer
                                      02008H    00000H
                  @@CNST   r_cg_timer_user
                                      02008H    00000H
                  @@CNST   r_cg_serial
                                      02008H    00000H
                  @@CNST   r_cg_serial_user
                                      02008H    00000H
                  @@CNST   r_rl78_can_drv
                                      02008H    00000H
                  @@CNST   tk_sample_drv_cfg
                                      02008H    0001CH
                  @@CNST   HDL_CPU_Time
                                      02024H    00000H
                  @@CNST   tk_funcs   02024H    00000H
                  @@CNST   Screen     02024H    00000H
                  @@CNST   ccan       02024H    00000H
                  @@CNST   CPSQ8100   02024H    00000H
         @@CODEL                      02024H    01AA9H  CSEG
                  @@CODEL  r_main     02024H    00931H
                  @@CODEL  r_systeminit
                                      02955H    00061H
                  @@CODEL  r_cg_cgc   029B6H    000A6H
                  @@CODEL  r_cg_cgc_user
                                      02A5CH    00005H
                  @@CODEL  r_cg_port
                                      02A61H    00018H
                  @@CODEL  r_cg_port_user
                                      02A79H    00000H
                  @@CODEL  r_cg_wdt   02A79H    00014H
                  @@CODEL  r_cg_wdt_user
                                      02A8DH    00000H
                  @@CODEL  r_cg_timer
                                      02A8DH    00092H
                  @@CODEL  r_cg_timer_user
                                      02B1FH    00000H
                  @@CODEL  r_cg_serial
                                      02B1FH    00130H
                  @@CODEL  r_cg_serial_user
                                      02C4FH    00024H
                  @@CODEL  r_rl78_can_drv
                                      02C73H    005DBH
                  @@CODEL  tk_sample_drv_cfg
                                      0324EH    00000H
                  @@CODEL  HDL_CPU_Time
                                      0324EH    00030H
                  @@CODEL  tk_funcs   0327EH    0009AH
                  @@CODEL  Screen     03318H    002C5H
                  @@CODEL  ccan       035DDH    00000H
                  @@CODEL  CPSQ8100   035DDH    004F0H
* gap *                               03ACDH    0C533H

  MEMORY=RAM
  BASE ADDRESS=FDF00H   SIZE=02100H
         OUTPUT   INPUT    INPUT      BASE      SIZE
         SEGMENT  SEGMENT  MODULE     ADDRESS
         @@DATA                       FDF00H    0022EH  DSEG BASEP
                  @@DATA   @cstart    FDF00H    000BAH
                  @@DATA   r_main     FDFBAH    00100H
                  @@DATA   r_systeminit
                                      FE0BAH    00000H
                  @@DATA   r_cg_cgc   FE0BAH    00000H
                  @@DATA   r_cg_cgc_user
                                      FE0BAH    00000H
                  @@DATA   r_cg_port
                                      FE0BAH    00000H
                  @@DATA   r_cg_port_user
                                      FE0BAH    00000H
                  @@DATA   r_cg_wdt   FE0BAH    00000H
                  @@DATA   r_cg_wdt_user
                                      FE0BAH    00000H
                  @@DATA   r_cg_timer
                                      FE0BAH    00000H
                  @@DATA   r_cg_timer_user
                                      FE0BAH    00000H
                  @@DATA   r_cg_serial
                                      FE0BAH    0000AH
                  @@DATA   r_cg_serial_user
                                      FE0C4H    00000H
                  @@DATA   r_rl78_can_drv
                                      FE0C4H    00000H
                  @@DATA   tk_sample_drv_cfg
                                      FE0C4H    00000H
                  @@DATA   HDL_CPU_Time
                                      FE0C4H    00002H
                  @@DATA   tk_funcs   FE0C6H    00000H
                  @@DATA   Screen     FE0C6H    00000H
                  @@DATA   ccan       FE0C6H    00000H
                  @@DATA   CPSQ8100   FE0C6H    00068H
                  @@DATA   @rom       FE12EH    00000H
         @@INIT                       FE12EH    00082H  DSEG BASEP
                  @@INIT   @cstart    FE12EH    00000H
                  @@INIT   r_main     FE12EH    00066H
                  @@INIT   r_systeminit
                                      FE194H    00000H
                  @@INIT   r_cg_cgc   FE194H    00000H
                  @@INIT   r_cg_cgc_user
                                      FE194H    00000H
                  @@INIT   r_cg_port
                                      FE194H    00000H
                  @@INIT   r_cg_port_user
                                      FE194H    00000H
                  @@INIT   r_cg_wdt   FE194H    00000H
                  @@INIT   r_cg_wdt_user
                                      FE194H    00000H
                  @@INIT   r_cg_timer
                                      FE194H    00000H
                  @@INIT   r_cg_timer_user
                                      FE194H    00000H
                  @@INIT   r_cg_serial
                                      FE194H    00000H
                  @@INIT   r_cg_serial_user
                                      FE194H    00000H
                  @@INIT   r_rl78_can_drv
                                      FE194H    00000H
                  @@INIT   tk_sample_drv_cfg
                                      FE194H    00000H
                  @@INIT   HDL_CPU_Time
                                      FE194H    00000H
                  @@INIT   tk_funcs   FE194H    00000H
                  @@INIT   Screen     FE194H    00002H
                  @@INIT   ccan       FE196H    00000H
                  @@INIT   CPSQ8100   FE196H    0001AH
                  @@INIT   @rom       FE1B0H    00000H
         @@INIS                       FE1B0H    00000H  DSEG UNITP
                  @@INIS   @cstart    FE1B0H    00000H
                  @@INIS   r_main     FE1B0H    00000H
                  @@INIS   r_systeminit
                                      FE1B0H    00000H
                  @@INIS   r_cg_cgc   FE1B0H    00000H
                  @@INIS   r_cg_cgc_user
                                      FE1B0H    00000H
                  @@INIS   r_cg_port
                                      FE1B0H    00000H
                  @@INIS   r_cg_port_user
                                      FE1B0H    00000H
                  @@INIS   r_cg_wdt   FE1B0H    00000H
                  @@INIS   r_cg_wdt_user
                                      FE1B0H    00000H
                  @@INIS   r_cg_timer
                                      FE1B0H    00000H
                  @@INIS   r_cg_timer_user
                                      FE1B0H    00000H
                  @@INIS   r_cg_serial
                                      FE1B0H    00000H
                  @@INIS   r_cg_serial_user
                                      FE1B0H    00000H
                  @@INIS   r_rl78_can_drv
                                      FE1B0H    00000H
                  @@INIS   tk_sample_drv_cfg
                                      FE1B0H    00000H
                  @@INIS   HDL_CPU_Time
                                      FE1B0H    00000H
                  @@INIS   tk_funcs   FE1B0H    00000H
                  @@INIS   Screen     FE1B0H    00000H
                  @@INIS   ccan       FE1B0H    00000H
                  @@INIS   CPSQ8100   FE1B0H    00000H
                  @@INIS   @rom       FE1B0H    00000H
         @@DATS                       FE1B0H    00000H  DSEG UNITP
                  @@DATS   @cstart    FE1B0H    00000H
                  @@DATS   r_main     FE1B0H    00000H
                  @@DATS   r_systeminit
                                      FE1B0H    00000H
                  @@DATS   r_cg_cgc   FE1B0H    00000H
                  @@DATS   r_cg_cgc_user
                                      FE1B0H    00000H
                  @@DATS   r_cg_port
                                      FE1B0H    00000H
                  @@DATS   r_cg_port_user
                                      FE1B0H    00000H
                  @@DATS   r_cg_wdt   FE1B0H    00000H
                  @@DATS   r_cg_wdt_user
                                      FE1B0H    00000H
                  @@DATS   r_cg_timer
                                      FE1B0H    00000H
                  @@DATS   r_cg_timer_user
                                      FE1B0H    00000H
                  @@DATS   r_cg_serial
                                      FE1B0H    00000H
                  @@DATS   r_cg_serial_user
                                      FE1B0H    00000H
                  @@DATS   r_rl78_can_drv
                                      FE1B0H    00000H
                  @@DATS   tk_sample_drv_cfg
                                      FE1B0H    00000H
                  @@DATS   HDL_CPU_Time
                                      FE1B0H    00000H
                  @@DATS   tk_funcs   FE1B0H    00000H
                  @@DATS   Screen     FE1B0H    00000H
                  @@DATS   ccan       FE1B0H    00000H
                  @@DATS   CPSQ8100   FE1B0H    00000H
                  @@DATS   @rom       FE1B0H    00000H
         @@INITL                      FE1B0H    00000H  DSEG UNIT64KP
                  @@INITL  @cstart    FE1B0H    00000H
                  @@INITL  r_main     FE1B0H    00000H
                  @@INITL  r_systeminit
                                      FE1B0H    00000H
                  @@INITL  r_cg_cgc   FE1B0H    00000H
                  @@INITL  r_cg_cgc_user
                                      FE1B0H    00000H
                  @@INITL  r_cg_port
                                      FE1B0H    00000H
                  @@INITL  r_cg_port_user
                                      FE1B0H    00000H
                  @@INITL  r_cg_wdt   FE1B0H    00000H
                  @@INITL  r_cg_wdt_user
                                      FE1B0H    00000H
                  @@INITL  r_cg_timer
                                      FE1B0H    00000H
                  @@INITL  r_cg_timer_user
                                      FE1B0H    00000H
                  @@INITL  r_cg_serial
                                      FE1B0H    00000H
                  @@INITL  r_cg_serial_user
                                      FE1B0H    00000H
                  @@INITL  r_rl78_can_drv
                                      FE1B0H    00000H
                  @@INITL  tk_sample_drv_cfg
                                      FE1B0H    00000H
                  @@INITL  HDL_CPU_Time
                                      FE1B0H    00000H
                  @@INITL  tk_funcs   FE1B0H    00000H
                  @@INITL  Screen     FE1B0H    00000H
                  @@INITL  ccan       FE1B0H    00000H
                  @@INITL  CPSQ8100   FE1B0H    00000H
                  @@INITL  @rom       FE1B0H    00000H
         @@DATAL                      FE1B0H    00000H  DSEG UNIT64KP
                  @@DATAL  @cstart    FE1B0H    00000H
                  @@DATAL  r_main     FE1B0H    00000H
                  @@DATAL  r_systeminit
                                      FE1B0H    00000H
                  @@DATAL  r_cg_cgc   FE1B0H    00000H
                  @@DATAL  r_cg_cgc_user
                                      FE1B0H    00000H
                  @@DATAL  r_cg_port
                                      FE1B0H    00000H
                  @@DATAL  r_cg_port_user
                                      FE1B0H    00000H
                  @@DATAL  r_cg_wdt   FE1B0H    00000H
                  @@DATAL  r_cg_wdt_user
                                      FE1B0H    00000H
                  @@DATAL  r_cg_timer
                                      FE1B0H    00000H
                  @@DATAL  r_cg_timer_user
                                      FE1B0H    00000H
                  @@DATAL  r_cg_serial
                                      FE1B0H    00000H
                  @@DATAL  r_cg_serial_user
                                      FE1B0H    00000H
                  @@DATAL  r_rl78_can_drv
                                      FE1B0H    00000H
                  @@DATAL  tk_sample_drv_cfg
                                      FE1B0H    00000H
                  @@DATAL  HDL_CPU_Time
                                      FE1B0H    00000H
                  @@DATAL  tk_funcs   FE1B0H    00000H
                  @@DATAL  Screen     FE1B0H    00000H
                  @@DATAL  ccan       FE1B0H    00000H
                  @@DATAL  CPSQ8100   FE1B0H    00000H
                  @@DATAL  @rom       FE1B0H    00000H
         @@BITS                       FE1B0H    00000H  BSEG
                  @@BITS   @cstart    FE1B0H.0  00000H.0
                  @@BITS   r_main     FE1B0H.0  00000H.0
                  @@BITS   r_systeminit
                                      FE1B0H.0  00000H.0
                  @@BITS   r_cg_cgc   FE1B0H.0  00000H.0
                  @@BITS   r_cg_cgc_user
                                      FE1B0H.0  00000H.0
                  @@BITS   r_cg_port
                                      FE1B0H.0  00000H.0
                  @@BITS   r_cg_port_user
                                      FE1B0H.0  00000H.0
                  @@BITS   r_cg_wdt   FE1B0H.0  00000H.0
                  @@BITS   r_cg_wdt_user
                                      FE1B0H.0  00000H.0
                  @@BITS   r_cg_timer
                                      FE1B0H.0  00000H.0
                  @@BITS   r_cg_timer_user
                                      FE1B0H.0  00000H.0
                  @@BITS   r_cg_serial
                                      FE1B0H.0  00000H.0
                  @@BITS   r_cg_serial_user
                                      FE1B0H.0  00000H.0
                  @@BITS   r_rl78_can_drv
                                      FE1B0H.0  00000H.0
                  @@BITS   tk_sample_drv_cfg
                                      FE1B0H.0  00000H.0
                  @@BITS   HDL_CPU_Time
                                      FE1B0H.0  00000H.0
                  @@BITS   tk_funcs   FE1B0H.0  00000H.0
                  @@BITS   Screen     FE1B0H.0  00000H.0
                  @@BITS   ccan       FE1B0H.0  00000H.0
                  @@BITS   CPSQ8100   FE1B0H.0  00000H.0
* gap *                               FE1B0H    01D24H
         @@SEGREG                     FFED4H    00004H  DSEG AT
                  @@SEGREG @SEGREG    FFED4H    00004H
         @@RTARG0                     FFED8H    00008H  DSEG AT
                  @@RTARG0 @RTARG0    FFED8H    00008H
* gap *                               FFEE0H    00020H
* gap (Not Free Area) *               FFF00H    00100H


 Target chip : R5F10BGG
 Device file : V1.11
